// Jest Snapshot v1, https://goo.gl/fbAQLP

exports[`Renders original content 1`] = `
<WithStyles(ForwardRef(Card))>
  <WithStyles(ForwardRef(CardContent))>
    <WithStyles(ForwardRef(Grid))
      item={true}
      xs={12}
    >
      <WithStyles(ForwardRef(Typography))
        align="left"
        gutterBottom={true}
        variant="h5"
      >
        Conceptos
      </WithStyles(ForwardRef(Typography))>
    </WithStyles(ForwardRef(Grid))>
    <WithStyles(ForwardRef(Grid))
      item={true}
      xs={12}
    >
      <ConceptosDeduciblesListComponent
        conceptosDeducibles={Array []}
      />
    </WithStyles(ForwardRef(Grid))>
  </WithStyles(ForwardRef(CardContent))>
</WithStyles(ForwardRef(Card))>
`;
