// Jest Snapshot v1, https://goo.gl/fbAQLP

exports[`Renders original content 1`] = `
<WithStyles(ForwardRef(Grid))
  container={true}
  spacing={3}
>
  <WithStyles(ForwardRef(Grid))
    className="makeStyles-headerRow-2"
    data-testid="title_banner"
    item={true}
    xs={12}
  >
    <WithStyles(ForwardRef(Paper))
      className="makeStyles-paper-3"
      elevation={0}
    >
      <WithStyles(ForwardRef(Typography))
        variant="h4"
      >
        Guía para solicitar facturas.
      </WithStyles(ForwardRef(Typography))>
      <WithStyles(ForwardRef(Typography))
        variant="h6"
      >
        Sigue los pasos para que fácilmente...
      </WithStyles(ForwardRef(Typography))>
    </WithStyles(ForwardRef(Paper))>
  </WithStyles(ForwardRef(Grid))>
  <WithStyles(ForwardRef(Grid))
    className="makeStyles-detailsContainer-1"
    container={true}
    spacing={3}
  >
    <WithStyles(ForwardRef(Grid))
      item={true}
      lg={12}
      xs={12}
    >
      <WithStyles(ForwardRef(Card))>
        <UserData />
      </WithStyles(ForwardRef(Card))>
    </WithStyles(ForwardRef(Grid))>
    <WithStyles(ForwardRef(Grid))
      item={true}
      lg={8}
      xs={12}
    >
      <WithStyles(ForwardRef(Card))>
        <ConceptoDeduciblesComponent />
      </WithStyles(ForwardRef(Card))>
    </WithStyles(ForwardRef(Grid))>
    <WithStyles(ForwardRef(Grid))
      item={true}
      lg={4}
      xs={12}
    >
      <WithStyles(ForwardRef(Card))>
        <FAQEnlacesComponent />
      </WithStyles(ForwardRef(Card))>
    </WithStyles(ForwardRef(Grid))>
  </WithStyles(ForwardRef(Grid))>
</WithStyles(ForwardRef(Grid))>
`;
