// Jest Snapshot v1, https://goo.gl/fbAQLP

exports[`Renders original content 1`] = `
<div
  className="login-container"
>
  <div
    className="login-logo-container"
  >
    <img
      alt="Welcome"
      className="login-logo"
      id="prompt-logo-center"
      src="logo_blue.svg"
      width="100"
    />
  </div>
  <div
    className="login-details"
  >
    <h2>
      Weclaraline
    </h2>
    <p>
      Tu declaración de impuestos mas fácil que nunca
    </p>
  </div>
  <div
    className="login-button-container"
  >
    <y
      accessType="online"
      buttonText="Continue whith Google"
      clientId="641440446360-vecianv30pv4vbsfnhc2rbk628vch2ae.apps.googleusercontent.com"
      cookiePolicy="single_host_origin"
      disabledStyle={
        Object {
          "opacity": 0.6,
        }
      }
      fetchBasicProfile={true}
      icon={true}
      isSignedIn={false}
      onFailure={[Function]}
      onRequest={[Function]}
      onSuccess={[Function]}
      prompt=""
      scope="profile email"
      tag="button"
      theme="light"
      type="button"
      uxMode="popup"
    />
  </div>
</div>
`;
